Picked up JAVA_TOOL_OPTIONS:  -Duser.home=/Users/runner/work/_temp/ios/home
keliver-publish: building :compileDevelopmentExecutableKotlinJsZipline in /Users/runner/work/_temp/ios/inventory
Picked up JAVA_TOOL_OPTIONS:  -Duser.home=/Users/runner/work/_temp/ios/home
> Task :checkKotlinGradlePluginConfigurationErrors SKIPPED
> Task :convertXmlValueResourcesForCommonMain NO-SOURCE
> Task :copyNonXmlValueResourcesForCommonMain NO-SOURCE
> Task :prepareComposeResourcesTaskForCommonMain NO-SOURCE
> Task :generateResourceAccessorsForCommonMain SKIPPED
> Task :convertXmlValueResourcesForJsMain NO-SOURCE
> Task :copyNonXmlValueResourcesForJsMain NO-SOURCE
> Task :prepareComposeResourcesTaskForJsMain NO-SOURCE
> Task :generateResourceAccessorsForJsMain SKIPPED
> Task :generateActualResourceCollectorsForJsMain SKIPPED
> Task :generateComposeResClass SKIPPED
> Task :generateExpectResourceCollectorsForCommonMain SKIPPED
> Task :jsResolveResourcesFromDependencies UP-TO-DATE
> Task :assembleJsMainResources UP-TO-DATE
> Task :jsResolveSelfResourcesCopyHierarchicalMultiplatformResources UP-TO-DATE
> Task :jsAggregateResources UP-TO-DATE
> Task :unpackSkikoWasmRuntime SKIPPED
> Task :jsProcessResources UP-TO-DATE
> Task :compileKotlinJs
> Task :jsMainClasses
> Task :compileDevelopmentExecutableKotlinJs
> Task :jsDevelopmentExecutableCompileSync

> Task :compileDevelopmentExecutableKotlinJsZipline
Picked up JAVA_TOOL_OPTIONS:  -Duser.home=/Users/runner/work/_temp/ios/home

BUILD SUCCESSFUL in 29s
9 actionable tasks: 4 executed, 5 up-to-date
Consider enabling configuration cache to speed up this build: https://docs.gradle.org/9.0.0/userguide/configuration_cache_enabling.html
keliver-publish: the manifest is signed with this app's portal-ed25519 key; every module is present
keliver-publish: published v1 (sequence 1, channel stable, capabilities none) -> /Users/runner/work/_temp/ios/w3/site/bundles/v1
keliver-publish: index /Users/runner/work/_temp/ios/w3/site/bundles/index.json
