serving /Users/runner/work/_temp/ios/w3/site on https://127.0.0.1:8443
GET /bundles/index.json 200
GET /bundles/index.json 200
GET /bundles/index.json 200
GET /bundles/v1/manifest.zipline.json 200
GET /bundles/v1/keliver-portal-sql.zipline 200
GET /bundles/v1/kotlin-kotlin-stdlib.zipline 200
GET /bundles/v1/compose-multiplatform-core-annotation-annotation.zipline 200
GET /bundles/v1/compose-multiplatform-core-collection-collection.zipline 200
GET /bundles/v1/kotlin-kotlinx-atomicfu-runtime.zipline 200
GET /bundles/v1/sqldelight-runtime.zipline 200
GET /bundles/v1/kotlin_org_jetbrains_kotlin_kotlin_dom_api_compat.zipline 200
GET /bundles/v1/sqldelight-extensions-async-extensions.zipline 200
GET /bundles/v1/androidx-collection-collection.zipline 200
GET /bundles/v1/kotlinx-atomicfu.zipline 200
GET /bundles/v1/kotlinx-serialization-kotlinx-serialization-core.zipline 200
GET /bundles/v1/keliver-keliver-lazylayout-api.zipline 200
GET /bundles/v1/keliver-keliver-material-api.zipline 200
GET /bundles/v1/kotlinx-coroutines-core.zipline 200
GET /bundles/v1/Poko-poko-annotations.zipline 200
GET /bundles/v1/okio-parent-okio.zipline 200
GET /bundles/v1/keliver-keliver-widget.zipline 200
GET /bundles/v1/androidx-annotation-annotation.zipline 200
GET /bundles/v1/compose-multiplatform-core-compose-runtime-runtime.zipline 200
GET /bundles/v1/keliver-keliver-runtime.zipline 200
GET /bundles/v1/kotlinx-serialization-kotlinx-serialization-json.zipline 200
GET /bundles/v1/compose-multiplatform-core-compose-runtime-runtime-saveable.zipline 200
GET /bundles/v1/keliver-keliver-layout-api.zipline 200
GET /bundles/v1/keliver-keliver-protocol.zipline 200
GET /bundles/v1/zipline-root-zipline.zipline 200
GET /bundles/v1/keliver-keliver-lazylayout-compose.zipline 200
GET /bundles/v1/keliver-keliver-treehouse.zipline 200
GET /bundles/v1/keliver-keliver-compose.zipline 200
GET /bundles/v1/keliver-keliver-layout-widget.zipline 200
GET /bundles/v1/keliver-keliver-lazylayout-widget.zipline 200
GET /bundles/v1/keliver-keliver-protocol-guest.zipline 200
GET /bundles/v1/keliver-keliver-material-compose.zipline 200
GET /bundles/v1/keliver-keliver-treehouse-guest-compose.zipline 200
GET /bundles/v1/keliver-keliver-layout-modifiers.zipline 200
GET /bundles/v1/keliver-keliver-layout-compose.zipline 200
GET /bundles/v1/keliver-keliver-treehouse-guest.zipline 200
GET /bundles/v1/keliver-keliver-material-modifiers.zipline 200
GET /bundles/v1/keliver-keliver-material-widget.zipline 200
GET /bundles/v1/keliver-keliver-material-protocol-guest-web.zipline 200
GET /bundles/v1/inventory.zipline 200
GET /bundles/index.json 200
GET /bundles/v2/manifest.zipline.json 200
GET /bundles/v2/inventory.zipline 200
GET /bundles/index.json 200
GET /bundles/v2/manifest.zipline.json 304
